#13 18.75 ├ ƒ /solutions
#13 18.75 ├ ƒ /strategies
#13 18.75 ├ ƒ /strategies/[slug]
#13 18.75 ├ ƒ /sustainability
#13 18.75 └ ƒ /team
#13 18.75 
#13 18.75 
#13 18.75 ƒ Proxy (Middleware)
#13 18.75 
#13 18.75 ƒ  (Dynamic)  server-rendered on demand
#13 18.75 
#13 DONE 19.1s

#14 [run  4/10] COPY --from=build --chown=nymbus:nymbus /app/.next/standalone ./
#14 DONE 0.6s

#15 [run  5/10] COPY --from=build --chown=nymbus:nymbus /app/.next/static ./.next/static
#15 DONE 0.0s

#16 [run  6/10] COPY --from=build --chown=nymbus:nymbus /app/public ./public
#16 DONE 0.0s

#17 [run  7/10] COPY --from=build --chown=nymbus:nymbus /app/src/lib/pipeline ./src/lib/pipeline
#17 DONE 0.0s

#18 [run  8/10] COPY --from=build --chown=nymbus:nymbus /app/src/lib/data ./src/lib/data
#18 DONE 0.0s

#19 [run  9/10] COPY --from=build --chown=nymbus:nymbus /app/src/config ./src/config
#19 DONE 0.0s

#20 [run 10/10] COPY --chown=root:root docker/start.mjs ./start.mjs
#20 DONE 0.0s

#21 exporting to image
#21 exporting layers
#21 exporting layers 0.8s done
#21 writing image sha256:d718fbe2006c52e7082dda5aabc1b6690944fb4fb679bfddf3e3f4a174eec638 done
#21 naming to docker.io/library/nymbus-web:ci done
#21 DONE 0.8s
