
> nymbus-web@0.1.0 e2e
> playwright test

[WebServer] ⚠ "next start" does not work with "output: standalone" configuration. Use "node .next/standalone/server.js" instead.
[WebServer] ⚠ "next start" does not work with "output: standalone" configuration. Use "node .next/standalone/server.js" instead.

Running 284 tests using 2 workers

  ✓    2 [desktop] › e2e/content-v3.spec.ts:32:5 › approach (fr): the new sections are translated (1.2s)
  ✓    1 [desktop] › e2e/content-v3.spec.ts:9:5 › approach: risk-first section and the multi-strategy diagram, with links to the three ways in (2.3s)
  ✓    3 [desktop] › e2e/content-v3.spec.ts:39:5 › team: credentials band counted from the data, self-hosted portraits, LinkedIn in the bio (2.3s)
  ✓    4 [desktop] › e2e/content-v3.spec.ts:67:5 › solutions: three illustrative use cases, overlay disclosures, no ranking claim in the copy (1.7s)
  ✓    6 [desktop] › e2e/content-v3.spec.ts:101:5 › sustainability: ESG criteria and exclusions are attributed to the Sustainable Enhanced Bonds Fund only (1.4s)
  ✓    5 [desktop] › e2e/content-v3.spec.ts:87:5 › GMV: every figure on the home, strategies and solutions pages names its downside-volatility variant (2.6s)
  ✓    8 [desktop] › e2e/critical-concepts.spec.ts:58:5 › critical concepts (FR): French headings, steps and captions (1.7s)
  ✓    7 [desktop] › e2e/critical-concepts.spec.ts:22:5 › critical concepts (EN): three panels drawn, advancing, labelled, with captions and figures (4.6s)
  ✓    9 [desktop] › e2e/critical-concepts.spec.ts:71:5 › nav and footer link to critical concepts; jump links reach each concept (3.0s)
  ✓   10 [desktop] › e2e/critical-concepts.spec.ts:96:5 › controls: pause / play, steps by click and arrow keys (2.8s)
  ✓   11 [desktop] › e2e/critical-concepts.spec.ts:135:5 › off screen and hidden tab: the animations pause (2.4s)
  ✓   13 [desktop] › e2e/critical-concepts.spec.ts:183:5 › 360 px phone: no horizontal scroll, panels inside the viewport, captions visible (1.5s)
  ✓   12 [desktop] › e2e/critical-concepts.spec.ts:154:5 › reduced motion: one still frame per panel, steps switch still frames, live change restarts (3.1s)
  ✓   14 [desktop] › e2e/critical-concepts.spec.ts:206:5 › desktop nav: seven links fit without overlapping the logo or the tools, in both languages (6.2s)
  ✓   16 [desktop] › e2e/dialog.spec.ts:28:5 › team: the bio dialog is centred in the viewport, locks the page scroll and traps focus (1.8s)
  ✓   17 [desktop] › e2e/dialog.spec.ts:52:5 › team: the bio dialog closes from the backdrop and the close button (2.8s)
  ✓   15 [desktop] › e2e/critical-concepts.spec.ts:246:5 › still frame of every step, captured for review (e2e/screenshots/concepts-*) (10.1s)
  ✓   19 [desktop] › e2e/dialog.spec.ts:87:5 › home: the news dialog is centred in the viewport (2.0s)
  ✓   18 [desktop] › e2e/dialog.spec.ts:68:5 › team: a press that starts inside the bio and ends on the backdrop does not close it (3.7s)
  ✓   20 [desktop] › e2e/fund.spec.ts:46:7 › fund page renders: monthly-income (12.5s)
  ✓   21 [desktop] › e2e/fund.spec.ts:46:7 › fund page renders: sustainable-enhanced-bonds (12.2s)
  ✓   22 [desktop] › e2e/fund.spec.ts:46:7 › fund page renders: multi-strategy (9.7s)
  ✓   23 [desktop] › e2e/fund.spec.ts:46:7 › fund page renders: global-minimum-volatility (9.1s)
  ✓   25 [desktop] › e2e/fund.spec.ts:167:7 › every tab at rest (screenshots): global-minimum-volatility (24.9s)
  ✓   26 [desktop] › e2e/fund.spec.ts:167:7 › every tab at rest (screenshots): sustainable-enhanced-bonds (13.3s)
  ✓   24 [desktop] › e2e/fund.spec.ts:167:7 › every tab at rest (screenshots): monthly-income (38.9s)
  ✓   28 [desktop] › e2e/fund.spec.ts:177:5 › distributions: per-series cards, history chart, calendar years and the full history behind a toggle (3.9s)
  ✓   29 [desktop] › e2e/fund.spec.ts:232:5 › series selector switches the NAV card (2.8s)
  ✓   27 [desktop] › e2e/fund.spec.ts:167:7 › every tab at rest (screenshots): multi-strategy (7.3s)
  ✓   31 [desktop] › e2e/fund.spec.ts:262:5 › without JavaScript every panel is on the page (1.2s)
  ✓   32 [desktop] › e2e/fund.spec.ts:275:5 › legacy slug redirects to monthly income (1.0s)
  ✓   30 [desktop] › e2e/fund.spec.ts:247:5 › tabs follow the URL hash and the keyboard (3.1s)
  ✓   33 [desktop] › e2e/fund.spec.ts:282:5 › registry alias redirects to the canonical slug (964ms)
  ✓   34 [desktop] › e2e/fund.spec.ts:287:5 › unknown slug is a 404 (657ms)
  ✓   36 [desktop] › e2e/fund.spec.ts:319:5 › class selector: returns follow the class; F is the default; a class without its own series says coming soon (4.0s)
  ✓   35 [desktop] › e2e/fund.spec.ts:292:5 › French: labels, names and number formatting (4.5s)
  ✓   37 [desktop] › e2e/fund.spec.ts:345:5 › class types: only classes whose type is known are labelled, with a disclosure sentence (3.6s)
  ✓   39 [desktop] › e2e/fund.spec.ts:403:5 › Global Minimum Volatility performance always names its variant: home, strategies index, compare table, solutions (EN + FR) (5.5s)
  ✓   38 [desktop] › e2e/fund.spec.ts:368:5 › Global Minimum Volatility: 3 / 6 / 9 % variants, default 6, no class selector, no NAV, no distributions (9.4s)
  ✓   40 [desktop] › e2e/fund.spec.ts:427:5 › awards and rankings: Fund Library rank and quartile with source and as-at date; Morningstar 5 stars on the bond funds only (4.3s)
  ✓   41 [desktop] › e2e/fund.spec.ts:473:5 › Morningstar on the overview of both bond funds: official logo and stars images, text alternative, class, as-of, source, attribution (5.5s)
  ✓   42 [desktop] › e2e/fund.spec.ts:520:5 › Monthly Income: RBC survey 1-quarter rank is the 4th percentile (never '1st across all periods'); French labels (2.6s)
  ✓   43 [desktop] › e2e/fund.spec.ts:537:5 › solutions: the advisors section lists the confirmed, fresh rankings with source link and date (1.5s)
  ✓   44 [desktop] › e2e/fund.spec.ts:557:5 › calendar-year chart: a value label on every bar, none overlapping, no horizontal page scroll (2.3s)
  ✓   45 [desktop] › e2e/fund.spec.ts:602:7 › performance class label follows the data's class everywhere (EN + FR): monthly-income (11.0s)
  ✓   46 [desktop] › e2e/fund.spec.ts:602:7 › performance class label follows the data's class everywhere (EN + FR): sustainable-enhanced-bonds (11.5s)
  ✓   47 [desktop] › e2e/fund.spec.ts:602:7 › performance class label follows the data's class everywhere (EN + FR): multi-strategy (4.2s)
  ✓   48 [desktop] › e2e/fund.spec.ts:639:5 › home tiles and the strategies index name the class of the returns (EN + FR) (4.2s)
  ✓   50 [desktop] › e2e/home-engines.spec.ts:52:5 › engines band: paused while the tab is hidden (1.1s)
  ✓   49 [desktop] › e2e/home-engines.spec.ts:20:5 › engines band: drawn, advancing, labelled as an illustration, paused off screen (3.5s)
  ✓   51 [desktop] › e2e/home-engines.spec.ts:63:5 › engines band (FR): French labels and caption (1.3s)
  ✓   53 [desktop] › e2e/home-engines.spec.ts:96:5 › engines band: no horizontal scroll at 360 px, panel inside the viewport (743ms)
  ✓   52 [desktop] › e2e/home-engines.spec.ts:74:5 › reduced motion: the engines band is one still frame, and follows a live change of the preference (2.2s)
  ✓   54 [desktop] › e2e/home-engines.spec.ts:113:5 › science at scale is unchanged (apart from its 2026-10-03 copy), and the engines band comes right after it (1.5s)
  ✓   55 [desktop] › e2e/home-v2.spec.ts:21:5 › home: no daily NAV widget, AUM is C$1.9 billion (2.5s)
  ✓   56 [desktop] › e2e/home-v2.spec.ts:34:5 › home (FR): AUM reads 1,9 G$ and the scan is labelled in French (2.1s)
  ✓   58 [desktop] › e2e/home-v2.spec.ts:70:5 › home: the hero data field starts lazily and pauses off screen (1.3s)
  ✓   57 [desktop] › e2e/home-v2.spec.ts:46:5 › home: the analysis scan is drawn, counts what it scans and stops when it leaves the screen (3.2s)
  ✓   59 [desktop] › e2e/home-v2.spec.ts:79:5 › reduced motion: the scan and the data field are one still frame, nothing is hidden (1.4s)
  ✓   60 [desktop] › e2e/home-v2.spec.ts:101:5 › home: no horizontal overflow, the scan fits the viewport (927ms)
  ✓   61 [desktop] › e2e/home-v2.spec.ts:111:5 › site-wide motion is decorative: aria-hidden, no focusable element, no pointer capture (1.2s)
  ✓   62 [desktop] › e2e/home.spec.ts:45:9 › home: one H1 and no console errors (en) (5.7s)
  ✓   63 [desktop] › e2e/home.spec.ts:45:9 › home: one H1 and no console errors (fr) (5.8s)
  ✓   65 [desktop] › e2e/home.spec.ts:45:9 › strategies: one H1 and no console errors (en) (4.2s)
  ✓   64 [desktop] › e2e/home.spec.ts:57:7 › home: screenshot (7.4s)
  ✓   66 [desktop] › e2e/home.spec.ts:45:9 › strategies: one H1 and no console errors (fr) (4.1s)
  ✓   67 [desktop] › e2e/home.spec.ts:57:7 › strategies: screenshot (4.8s)
  ✓   68 [desktop] › e2e/home.spec.ts:45:9 › solutions: one H1 and no console errors (en) (5.0s)
  ✓   69 [desktop] › e2e/home.spec.ts:45:9 › solutions: one H1 and no console errors (fr) (5.2s)
  ✓   71 [desktop] › e2e/home.spec.ts:66:5 › home: the four strategy cards show figures or 'coming soon', in the fund colour, linking to the fund page (2.2s)
  ✓   72 [desktop] › e2e/home.spec.ts:83:5 › home: a news item opens in a dialog and closes with Escape (1.3s)
  ✓   70 [desktop] › e2e/home.spec.ts:57:7 › solutions: screenshot (7.0s)
  ✓   74 [desktop] › e2e/home.spec.ts:118:5 › strategies: the comparison table lists every fund; missing figures are dashes (1.3s)
  ✓   75 [desktop] › e2e/home.spec.ts:128:5 › solutions: three audiences, each links to fund pages (2.0s)
  ✓   73 [desktop] › e2e/home.spec.ts:97:5 › strategies: the filter shows fixed income or alternatives only (3.6s)
  ✓   77 [desktop] › e2e/site.spec.ts:68:9 › / renders its heading (en) (1.2s)
  ✓   76 [desktop] › e2e/home.spec.ts:141:5 › reduced motion: every section of the three pages is visible without animations (2.1s)
  ✓   78 [desktop] › e2e/site.spec.ts:68:9 › / renders its heading (fr) (1.2s)
  ✓   80 [desktop] › e2e/site.spec.ts:68:9 › /strategies renders its heading (en) (1.0s)
  ✓   81 [desktop] › e2e/site.spec.ts:68:9 › /strategies renders its heading (fr) (1.1s)
  ✓   79 [desktop] › e2e/site.spec.ts:82:7 › / full-page screenshot (6.4s)
  ✓   82 [desktop] › e2e/site.spec.ts:82:7 › /strategies full-page screenshot (4.7s)
  ✓   83 [desktop] › e2e/site.spec.ts:68:9 › /critical-concepts renders its heading (en) (1.1s)
  ✓   84 [desktop] › e2e/site.spec.ts:68:9 › /critical-concepts renders its heading (fr) (1.1s)
  ✓   86 [desktop] › e2e/site.spec.ts:68:9 › /approach renders its heading (en) (954ms)
  ✓   87 [desktop] › e2e/site.spec.ts:68:9 › /approach renders its heading (fr) (689ms)
  ✓   85 [desktop] › e2e/site.spec.ts:82:7 › /critical-concepts full-page screenshot (5.1s)
  ✓   89 [desktop] › e2e/site.spec.ts:68:9 › /sustainability renders its heading (en) (529ms)
  ✓   90 [desktop] › e2e/site.spec.ts:68:9 › /sustainability renders its heading (fr) (501ms)
  ✓   88 [desktop] › e2e/site.spec.ts:82:7 › /approach full-page screenshot (6.0s)
  ✓   92 [desktop] › e2e/site.spec.ts:68:9 › /team renders its heading (en) (823ms)
  ✓   93 [desktop] › e2e/site.spec.ts:68:9 › /team renders its heading (fr) (901ms)
  ✓   91 [desktop] › e2e/site.spec.ts:82:7 › /sustainability full-page screenshot (4.6s)
  ✓   95 [desktop] › e2e/site.spec.ts:68:9 › /contact renders its heading (en) (1.2s)
  ✓   96 [desktop] › e2e/site.spec.ts:68:9 › /contact renders its heading (fr) (963ms)
  ✓   94 [desktop] › e2e/site.spec.ts:82:7 › /team full-page screenshot (5.2s)
  ✓   98 [desktop] › e2e/site.spec.ts:68:9 › /solutions renders its heading (en) (1.1s)
  ✓   97 [desktop] › e2e/site.spec.ts:82:7 › /contact full-page screenshot (4.0s)
  ✓   99 [desktop] › e2e/site.spec.ts:68:9 › /solutions renders its heading (fr) (1.0s)
  ✓  101 [desktop] › e2e/site.spec.ts:68:9 › /legal renders its heading (en) (1.2s)
  ✓  102 [desktop] › e2e/site.spec.ts:68:9 › /legal renders its heading (fr) (859ms)
  ✓  100 [desktop] › e2e/site.spec.ts:82:7 › /solutions full-page screenshot (6.7s)
  ✓  103 [desktop] › e2e/site.spec.ts:82:7 › /legal full-page screenshot (4.3s)
  ✓  104 [desktop] › e2e/site.spec.ts:68:9 › /privacy renders its heading (en) (1.1s)
  ✓  105 [desktop] › e2e/site.spec.ts:68:9 › /privacy renders its heading (fr) (1.1s)
  ✓  107 [desktop] › e2e/site.spec.ts:91:5 › unknown route: 404 page in the site chrome (4.2s)
  ✓  106 [desktop] › e2e/site.spec.ts:82:7 › /privacy full-page screenshot (4.8s)
  ✓  108 [desktop] › e2e/site.spec.ts:102:5 › odometer: the figure's accessible name is the final value (1.1s)
  ✓  109 [desktop] › e2e/site.spec.ts:110:5 › home: live figures come from the data, never invented (2.9s)
  ✓  110 [desktop] › e2e/site.spec.ts:127:5 › language toggle switches the page to French and back (2.2s)
  -  111 [desktop] › e2e/site.spec.ts:142:5 › mobile menu opens, traps focus, closes with Escape
  ✓  113 [desktop] › e2e/site.spec.ts:202:5 › team: filter by department and open a bio (3.6s)
  ✓  112 [desktop] › e2e/site.spec.ts:166:5 › reduced motion: content is visible without animations (5.7s)
  ✓  114 [desktop] › e2e/site.spec.ts:224:5 › contact: three steps, validated, then an email is prepared (no backend) (5.7s)
approach probe {"wave":{"off":"0px","clip":"none","op":"1","anim":"pg-draw","disp":"inline","w":188},"loop":{"off":"0px","clip":"inset(0px 0px 0px 0%)","op":"1","anim":"ap-loop","disp":"block","w":900},"conv":{"off":"0px","clip":"none","op":"1","anim":"pg-draw","disp":"inline","w":96},"arrow":{"off":"0px","clip":"none","op":"1","anim":"pg-draw","disp":"inline","w":84},"vol":{"off":"0px","clip":"none","op":"1","anim":"pg-draw","disp":"inline","w":116}}
  ✓  115 [desktop] › e2e/site.spec.ts:257:5 › approach: the pipeline and the risk flow draw themselves in when scrolled into view (4.9s)
  ✓  116 [desktop] › e2e/site.spec.ts:275:5 › legal: table of contents follows both documents; privacy covers Law 25 (1.3s)
  ✓  117 [desktop] › e2e/site.spec.ts:286:5 › admin does not get the public chrome (504ms)
  ✓  118 [mobile] › e2e/content-v3.spec.ts:9:5 › approach: risk-first section and the multi-strategy diagram, with links to the three ways in (1.9s)
  ✓  119 [mobile] › e2e/content-v3.spec.ts:32:5 › approach (fr): the new sections are translated (1.6s)
  ✓  121 [mobile] › e2e/content-v3.spec.ts:67:5 › solutions: three illustrative use cases, overlay disclosures, no ranking claim in the copy (1.6s)
  ✓  120 [mobile] › e2e/content-v3.spec.ts:39:5 › team: credentials band counted from the data, self-hosted portraits, LinkedIn in the bio (3.3s)
  ✓  122 [mobile] › e2e/content-v3.spec.ts:87:5 › GMV: every figure on the home, strategies and solutions pages names its downside-volatility variant (1.8s)
  ✓  123 [mobile] › e2e/content-v3.spec.ts:101:5 › sustainability: ESG criteria and exclusions are attributed to the Sustainable Enhanced Bonds Fund only (1.1s)
  ✓  125 [mobile] › e2e/critical-concepts.spec.ts:58:5 › critical concepts (FR): French headings, steps and captions (1.0s)
  ✓  126 [mobile] › e2e/critical-concepts.spec.ts:71:5 › nav and footer link to critical concepts; jump links reach each concept (2.0s)
  ✓  124 [mobile] › e2e/critical-concepts.spec.ts:22:5 › critical concepts (EN): three panels drawn, advancing, labelled, with captions and figures (4.1s)
  ✓  128 [mobile] › e2e/critical-concepts.spec.ts:135:5 › off screen and hidden tab: the animations pause (2.0s)
  ✓  127 [mobile] › e2e/critical-concepts.spec.ts:96:5 › controls: pause / play, steps by click and arrow keys (2.4s)
  ✓  130 [mobile] › e2e/critical-concepts.spec.ts:183:5 › 360 px phone: no horizontal scroll, panels inside the viewport, captions visible (1.3s)
  -  131 [mobile] › e2e/critical-concepts.spec.ts:206:5 › desktop nav: seven links fit without overlapping the logo or the tools, in both languages
  ✓  129 [mobile] › e2e/critical-concepts.spec.ts:154:5 › reduced motion: one still frame per panel, steps switch still frames, live change restarts (2.9s)
  ✓  133 [mobile] › e2e/dialog.spec.ts:28:5 › team: the bio dialog is centred in the viewport, locks the page scroll and traps focus (1.8s)
  ✓  134 [mobile] › e2e/dialog.spec.ts:52:5 › team: the bio dialog closes from the backdrop and the close button (2.9s)
  ✓  135 [mobile] › e2e/dialog.spec.ts:68:5 › team: a press that starts inside the bio and ends on the backdrop does not close it (3.1s)
  ✓  136 [mobile] › e2e/dialog.spec.ts:87:5 › home: the news dialog is centred in the viewport (3.1s)
  ✓  132 [mobile] › e2e/critical-concepts.spec.ts:246:5 › still frame of every step, captured for review (e2e/screenshots/concepts-*) (25.4s)
  ✓  137 [mobile] › e2e/fund.spec.ts:46:7 › fund page renders: monthly-income (14.1s)
  ✓  139 [mobile] › e2e/fund.spec.ts:46:7 › fund page renders: multi-strategy (12.2s)
  ✓  138 [mobile] › e2e/fund.spec.ts:46:7 › fund page renders: sustainable-enhanced-bonds (15.9s)
  ✓  140 [mobile] › e2e/fund.spec.ts:46:7 › fund page renders: global-minimum-volatility (10.8s)
  ✓  142 [mobile] › e2e/fund.spec.ts:167:7 › every tab at rest (screenshots): global-minimum-volatility (33.6s)
  ✓  141 [mobile] › e2e/fund.spec.ts:167:7 › every tab at rest (screenshots): monthly-income (54.1s)
  ✓  143 [mobile] › e2e/fund.spec.ts:167:7 › every tab at rest (screenshots): sustainable-enhanced-bonds (18.3s)
  ✓  145 [mobile] › e2e/fund.spec.ts:177:5 › distributions: per-series cards, history chart, calendar years and the full history behind a toggle (3.1s)
  ✓  144 [mobile] › e2e/fund.spec.ts:167:7 › every tab at rest (screenshots): multi-strategy (9.7s)
  ✓  146 [mobile] › e2e/fund.spec.ts:232:5 › series selector switches the NAV card (1.9s)
  ✓  148 [mobile] › e2e/fund.spec.ts:262:5 › without JavaScript every panel is on the page (1.5s)
  ✓  147 [mobile] › e2e/fund.spec.ts:247:5 › tabs follow the URL hash and the keyboard (3.4s)
  ✓  149 [mobile] › e2e/fund.spec.ts:275:5 › legacy slug redirects to monthly income (1.0s)
  ✓  150 [mobile] › e2e/fund.spec.ts:282:5 › registry alias redirects to the canonical slug (848ms)
  ✓  151 [mobile] › e2e/fund.spec.ts:287:5 › unknown slug is a 404 (514ms)
  ✓  152 [mobile] › e2e/fund.spec.ts:292:5 › French: labels, names and number formatting (3.6s)
  ✓  153 [mobile] › e2e/fund.spec.ts:319:5 › class selector: returns follow the class; F is the default; a class without its own series says coming soon (3.4s)
  ✓  154 [mobile] › e2e/fund.spec.ts:345:5 › class types: only classes whose type is known are labelled, with a disclosure sentence (2.2s)
  ✓  156 [mobile] › e2e/fund.spec.ts:403:5 › Global Minimum Volatility performance always names its variant: home, strategies index, compare table, solutions (EN + FR) (5.2s)
  ✓  155 [mobile] › e2e/fund.spec.ts:368:5 › Global Minimum Volatility: 3 / 6 / 9 % variants, default 6, no class selector, no NAV, no distributions (7.9s)
  ✓  157 [mobile] › e2e/fund.spec.ts:427:5 › awards and rankings: Fund Library rank and quartile with source and as-at date; Morningstar 5 stars on the bond funds only (4.1s)
  ✓  158 [mobile] › e2e/fund.spec.ts:473:5 › Morningstar on the overview of both bond funds: official logo and stars images, text alternative, class, as-of, source, attribution (4.8s)
  ✓  159 [mobile] › e2e/fund.spec.ts:520:5 › Monthly Income: RBC survey 1-quarter rank is the 4th percentile (never '1st across all periods'); French labels (2.4s)
  ✓  160 [mobile] › e2e/fund.spec.ts:537:5 › solutions: the advisors section lists the confirmed, fresh rankings with source link and date (1.3s)
  ✓  161 [mobile] › e2e/fund.spec.ts:557:5 › calendar-year chart: a value label on every bar, none overlapping, no horizontal page scroll (3.0s)
  ✓  162 [mobile] › e2e/fund.spec.ts:602:7 › performance class label follows the data's class everywhere (EN + FR): monthly-income (9.6s)
  ✓  163 [mobile] › e2e/fund.spec.ts:602:7 › performance class label follows the data's class everywhere (EN + FR): sustainable-enhanced-bonds (10.7s)
  ✓  164 [mobile] › e2e/fund.spec.ts:602:7 › performance class label follows the data's class everywhere (EN + FR): multi-strategy (5.7s)
  ✓  165 [mobile] › e2e/fund.spec.ts:639:5 › home tiles and the strategies index name the class of the returns (EN + FR) (3.9s)
  ✓  167 [mobile] › e2e/home-engines.spec.ts:52:5 › engines band: paused while the tab is hidden (840ms)
  ✓  166 [mobile] › e2e/home-engines.spec.ts:20:5 › engines band: drawn, advancing, labelled as an illustration, paused off screen (3.3s)
  ✓  168 [mobile] › e2e/home-engines.spec.ts:63:5 › engines band (FR): French labels and caption (1.1s)
  ✓  170 [mobile] › e2e/home-engines.spec.ts:96:5 › engines band: no horizontal scroll at 360 px, panel inside the viewport (939ms)
  ✓  169 [mobile] › e2e/home-engines.spec.ts:74:5 › reduced motion: the engines band is one still frame, and follows a live change of the preference (1.9s)
  ✓  171 [mobile] › e2e/home-engines.spec.ts:113:5 › science at scale is unchanged (apart from its 2026-10-03 copy), and the engines band comes right after it (1.3s)
  ✓  172 [mobile] › e2e/home-v2.spec.ts:21:5 › home: no daily NAV widget, AUM is C$1.9 billion (2.8s)
  ✓  173 [mobile] › e2e/home-v2.spec.ts:34:5 › home (FR): AUM reads 1,9 G$ and the scan is labelled in French (2.2s)
  ✓  175 [mobile] › e2e/home-v2.spec.ts:70:5 › home: the hero data field starts lazily and pauses off screen (1.1s)
  ✓  174 [mobile] › e2e/home-v2.spec.ts:46:5 › home: the analysis scan is drawn, counts what it scans and stops when it leaves the screen (3.2s)
  ✓  176 [mobile] › e2e/home-v2.spec.ts:79:5 › reduced motion: the scan and the data field are one still frame, nothing is hidden (1.5s)
  ✓  178 [mobile] › e2e/home-v2.spec.ts:111:5 › site-wide motion is decorative: aria-hidden, no focusable element, no pointer capture (1.1s)
  ✓  177 [mobile] › e2e/home-v2.spec.ts:101:5 › home: no horizontal overflow, the scan fits the viewport (1.1s)
  ✓  179 [mobile] › e2e/home.spec.ts:45:9 › home: one H1 and no console errors (en) (6.6s)
  ✓  180 [mobile] › e2e/home.spec.ts:45:9 › home: one H1 and no console errors (fr) (6.7s)
  ✓  182 [mobile] › e2e/home.spec.ts:45:9 › strategies: one H1 and no console errors (en) (5.0s)
  ✓  183 [mobile] › e2e/home.spec.ts:45:9 › strategies: one H1 and no console errors (fr) (5.1s)
  ✓  181 [mobile] › e2e/home.spec.ts:57:7 › home: screenshot (11.0s)
  ✓  185 [mobile] › e2e/home.spec.ts:45:9 › solutions: one H1 and no console errors (en) (6.4s)
  ✓  184 [mobile] › e2e/home.spec.ts:57:7 › strategies: screenshot (7.3s)
  ✓  186 [mobile] › e2e/home.spec.ts:45:9 › solutions: one H1 and no console errors (fr) (6.7s)
  ✓  188 [mobile] › e2e/home.spec.ts:66:5 › home: the four strategy cards show figures or 'coming soon', in the fund colour, linking to the fund page (2.8s)
  ✓  187 [mobile] › e2e/home.spec.ts:57:7 › solutions: screenshot (10.4s)
  ✓  189 [mobile] › e2e/home.spec.ts:83:5 › home: a news item opens in a dialog and closes with Escape (1.3s)
  ✓  191 [mobile] › e2e/home.spec.ts:118:5 › strategies: the comparison table lists every fund; missing figures are dashes (1.3s)
  ✓  192 [mobile] › e2e/home.spec.ts:128:5 › solutions: three audiences, each links to fund pages (1.7s)
  ✓  190 [mobile] › e2e/home.spec.ts:97:5 › strategies: the filter shows fixed income or alternatives only (3.5s)
  ✓  194 [mobile] › e2e/site.spec.ts:68:9 › / renders its heading (en) (1.6s)
  ✓  193 [mobile] › e2e/home.spec.ts:141:5 › reduced motion: every section of the three pages is visible without animations (2.1s)
  ✓  195 [mobile] › e2e/site.spec.ts:68:9 › / renders its heading (fr) (1.6s)
  ✓  197 [mobile] › e2e/site.spec.ts:68:9 › /strategies renders its heading (en) (1.4s)
  ✓  198 [mobile] › e2e/site.spec.ts:68:9 › /strategies renders its heading (fr) (1.2s)
  ✓  196 [mobile] › e2e/site.spec.ts:82:7 › / full-page screenshot (9.9s)
  ✓  199 [mobile] › e2e/site.spec.ts:82:7 › /strategies full-page screenshot (6.9s)
  ✓  200 [mobile] › e2e/site.spec.ts:68:9 › /critical-concepts renders its heading (en) (1.0s)
  ✓  201 [mobile] › e2e/site.spec.ts:68:9 › /critical-concepts renders its heading (fr) (1.2s)
  ✓  203 [mobile] › e2e/site.spec.ts:68:9 › /approach renders its heading (en) (1.1s)
  ✓  204 [mobile] › e2e/site.spec.ts:68:9 › /approach renders its heading (fr) (876ms)
  ✓  202 [mobile] › e2e/site.spec.ts:82:7 › /critical-concepts full-page screenshot (6.4s)
  ✓  206 [mobile] › e2e/site.spec.ts:68:9 › /sustainability renders its heading (en) (499ms)
  ✓  207 [mobile] › e2e/site.spec.ts:68:9 › /sustainability renders its heading (fr) (433ms)
  ✓  205 [mobile] › e2e/site.spec.ts:82:7 › /approach full-page screenshot (8.1s)
  ✓  209 [mobile] › e2e/site.spec.ts:68:9 › /team renders its heading (en) (1.2s)
  ✓  210 [mobile] › e2e/site.spec.ts:68:9 › /team renders its heading (fr) (1.5s)
  ✓  208 [mobile] › e2e/site.spec.ts:82:7 › /sustainability full-page screenshot (6.5s)
  ✓  212 [mobile] › e2e/site.spec.ts:68:9 › /contact renders its heading (en) (1.3s)
  ✓  213 [mobile] › e2e/site.spec.ts:68:9 › /contact renders its heading (fr) (978ms)
  ✓  211 [mobile] › e2e/site.spec.ts:82:7 › /team full-page screenshot (7.6s)
  ✓  214 [mobile] › e2e/site.spec.ts:82:7 › /contact full-page screenshot (5.3s)
  ✓  215 [mobile] › e2e/site.spec.ts:68:9 › /solutions renders its heading (en) (1.6s)
  ✓  216 [mobile] › e2e/site.spec.ts:68:9 › /solutions renders its heading (fr) (1.7s)
  ✓  218 [mobile] › e2e/site.spec.ts:68:9 › /legal renders its heading (en) (990ms)
  ✓  219 [mobile] › e2e/site.spec.ts:68:9 › /legal renders its heading (fr) (987ms)
  ✓  220 [mobile] › e2e/site.spec.ts:82:7 › /legal full-page screenshot (5.7s)
  ✓  221 [mobile] › e2e/site.spec.ts:68:9 › /privacy renders its heading (en) (773ms)
  ✓  217 [mobile] › e2e/site.spec.ts:82:7 › /solutions full-page screenshot (9.1s)
  ✓  222 [mobile] › e2e/site.spec.ts:68:9 › /privacy renders its heading (fr) (1.2s)
  ✓  224 [mobile] › e2e/site.spec.ts:91:5 › unknown route: 404 page in the site chrome (4.6s)
  ✓  225 [mobile] › e2e/site.spec.ts:102:5 › odometer: the figure's accessible name is the final value (806ms)
  ✓  223 [mobile] › e2e/site.spec.ts:82:7 › /privacy full-page screenshot (6.7s)
  ✓  226 [mobile] › e2e/site.spec.ts:110:5 › home: live figures come from the data, never invented (2.5s)
  ✓  227 [mobile] › e2e/site.spec.ts:127:5 › language toggle switches the page to French and back (2.5s)
  ✓  228 [mobile] › e2e/site.spec.ts:142:5 › mobile menu opens, traps focus, closes with Escape (2.8s)
  ✓  229 [mobile] › e2e/site.spec.ts:166:5 › reduced motion: content is visible without animations (4.6s)
  ✓  230 [mobile] › e2e/site.spec.ts:202:5 › team: filter by department and open a bio (3.0s)
  ✓  231 [mobile] › e2e/site.spec.ts:224:5 › contact: three steps, validated, then an email is prepared (no backend) (5.1s)
approach probe {"wave":{"off":"0px","clip":"none","op":"1","anim":"pg-draw","disp":"inline","w":188},"loop":{"off":"0px","clip":"none","op":"1","anim":"ap-loop","disp":"none","w":0},"conv":{"off":"0px","clip":"none","op":"1","anim":"pg-draw","disp":"none","w":0},"arrow":{"off":"0px","clip":"none","op":"1","anim":"pg-draw","disp":"none","w":0},"vol":{"off":"0px","clip":"none","op":"1","anim":"pg-draw","disp":"inline","w":116}}
  ✓  232 [mobile] › e2e/site.spec.ts:257:5 › approach: the pipeline and the risk flow draw themselves in when scrolled into view (4.6s)
  ✓  234 [mobile] › e2e/site.spec.ts:286:5 › admin does not get the public chrome (668ms)
  ✓  233 [mobile] › e2e/site.spec.ts:275:5 › legal: table of contents follows both documents; privacy covers Law 25 (1.0s)
  ✓  235 [cms] › e2e/cms.spec.ts:32:5 › news page: CMS items, newest first, markup stripped, image loads, French on request (900ms)
  ✓  236 [cms] › e2e/cms.spec.ts:51:5 › news article: paragraphs, no script, 404 for an unknown item (631ms)
  ✓  237 [cms] › e2e/cms.spec.ts:62:5 › home: three latest CMS news, link to all news, banner and AUM label from WordPress (889ms)
  ✓  238 [cms] › e2e/cms.spec.ts:72:5 › team page: members come from WordPress, not from the built-in list (796ms)
  ✓  239 [cms] › e2e/cms.spec.ts:82:5 › CSP: the media origin is allowed for images, nothing else changed (35ms)
  ✓  240 [cms] › e2e/cms.spec.ts:90:5 › revalidation route: authenticated, POST only (45ms)
  ✓  241 [cms] › e2e/cms.spec.ts:100:5 › an edit in WordPress shows up after revalidation (2.6s)
  ✓  242 [cms] › e2e/cms.spec.ts:107:5 › hostile content from WordPress is neutralised (3.7s)
[WebServer] [cms] WordPress document not used: HTTP 503 (keeping the last good copy)
  ✓  243 [cms] › e2e/cms.spec.ts:134:5 › WordPress down or answering garbage: the last good content stays (7.3s)
  ✓  244 [cms] › e2e/cms.spec.ts:149:5 › without WP_BASE_URL the site is unchanged: static news and team (826ms)
  ✓  246 [admin-desktop] › e2e/admin.spec.ts:16:7 › sign-in gate › unauthenticated /admin redirects to /api/auth/login, which redirects to Entra with PKCE (87ms)
  ✓  247 [admin-desktop] › e2e/admin.spec.ts:58:7 › sign-in gate › callback without the flow cookie / with a forged state is refused (21ms)
  ✓  245 [admin-desktop] › e2e/admin.spec.ts:46:7 › sign-in gate › login ignores open-redirect returnTo values (825ms)
  ✓  249 [admin-desktop] › e2e/admin.spec.ts:83:7 › sign-in gate › public fund page does not ship internal source names or admin fields (62ms)
  ✓  250 [admin-desktop] › e2e/admin.spec.ts:93:7 › sign-in gate › /api/admin/uploadx is still gated by the proxy (21ms)
  ✓  251 [admin-desktop] › e2e/admin.spec.ts:98:7 › sign-in gate › /api/health is public and minimal (24ms)
  ✓  252 [admin-desktop] › e2e/admin.spec.ts:117:7 › API guards › every admin API answers 401 without a session (70ms)
  ✓  253 [admin-desktop] › e2e/admin.spec.ts:124:7 › API guards › forged, expired, wrongly signed or outdated-policy sessions answer 401 (45ms)
  ✓  254 [admin-desktop] › e2e/admin.spec.ts:137:7 › API guards › a session for another domain or tenant gets 403 (97ms)
  ✓  255 [admin-desktop] › e2e/admin.spec.ts:150:7 › API guards › mutations without Origin or without the custom header are rejected (CSRF) (69ms)
  ✓  256 [admin-desktop] › e2e/admin.spec.ts:171:7 › API guards › path traversal ids are rejected (173ms)
  ✓  248 [admin-desktop] › e2e/admin.spec.ts:64:7 › sign-in gate › pages get a nonce-based CSP without script 'unsafe-inline' (1.4s)
  ✓  258 [admin-mobile] › e2e/admin.spec.ts:16:7 › sign-in gate › unauthenticated /admin redirects to /api/auth/login, which redirects to Entra with PKCE (68ms)
  ✓  257 [admin-desktop] › e2e/admin.spec.ts:190:7 › admin flows › dashboard loads for alice@nymbus.ca (1.5s)
  ✓  259 [admin-mobile] › e2e/admin.spec.ts:46:7 › sign-in gate › login ignores open-redirect returnTo values (1.0s)
  ✓  261 [admin-mobile] › e2e/admin.spec.ts:58:7 › sign-in gate › callback without the flow cookie / with a forged state is refused (23ms)
  ✓  260 [admin-desktop] › e2e/admin.spec.ts:210:7 › admin flows › save fund content (and a stale version conflicts) (1.4s)
  ✓  263 [admin-desktop] › e2e/admin.spec.ts:243:7 › admin flows › upload a PDF, publish it and download it publicly (1.3s)
  ✓  262 [admin-mobile] › e2e/admin.spec.ts:64:7 › sign-in gate › pages get a nonce-based CSP without script 'unsafe-inline' (2.3s)
  -  264 [admin-desktop] › e2e/admin.spec.ts:300:7 › admin flows › disclaimers: boilerplate on public pages, compliance banner until reviewed, back after a change
  ✓  265 [admin-mobile] › e2e/admin.spec.ts:83:7 › sign-in gate › public fund page does not ship internal source names or admin fields (69ms)
  ✓  267 [admin-mobile] › e2e/admin.spec.ts:93:7 › sign-in gate › /api/admin/uploadx is still gated by the proxy (16ms)
  ✓  268 [admin-mobile] › e2e/admin.spec.ts:98:7 › sign-in gate › /api/health is public and minimal (17ms)
  -  266 [admin-desktop] › e2e/admin.spec.ts:350:7 › admin flows › unticking 'hide aum' persists and publishes the fund AUM; ticking it again removes it from the page
  ✓  269 [admin-mobile] › e2e/admin.spec.ts:117:7 › API guards › every admin API answers 401 without a session (54ms)
  ✓  271 [admin-mobile] › e2e/admin.spec.ts:124:7 › API guards › forged, expired, wrongly signed or outdated-policy sessions answer 401 (50ms)
  ✓  272 [admin-mobile] › e2e/admin.spec.ts:137:7 › API guards › a session for another domain or tenant gets 403 (126ms)
  ✓  273 [admin-mobile] › e2e/admin.spec.ts:150:7 › API guards › mutations without Origin or without the custom header are rejected (CSRF) (56ms)
  ✓  274 [admin-mobile] › e2e/admin.spec.ts:171:7 › API guards › path traversal ids are rejected (199ms)
  ✓  275 [admin-mobile] › e2e/admin.spec.ts:190:7 › admin flows › dashboard loads for alice@nymbus.ca (5.6s)
  -  276 [admin-mobile] › e2e/admin.spec.ts:210:7 › admin flows › save fund content (and a stale version conflicts)
  -  277 [admin-mobile] › e2e/admin.spec.ts:243:7 › admin flows › upload a PDF, publish it and download it publicly
  -  278 [admin-mobile] › e2e/admin.spec.ts:300:7 › admin flows › disclaimers: boilerplate on public pages, compliance banner until reviewed, back after a change
  -  279 [admin-mobile] › e2e/admin.spec.ts:350:7 › admin flows › unticking 'hide aum' persists and publishes the fund AUM; ticking it again removes it from the page
  -  280 [admin-mobile] › e2e/admin.spec.ts:383:7 › admin flows › SEB pinned to a class H run: F opens as coming soon; with class H selected every performance label says Series H / Série H
  -  281 [admin-mobile] › e2e/admin.spec.ts:448:7 › admin flows › rankings: seeded RBC entry shown; new entry draft → stale hidden → fresh shown with source and date; brand image slots
  ✓  282 [admin-mobile] › e2e/admin.spec.ts:539:7 › admin flows › logout clears and revokes the session (48ms)
  ✓  270 [admin-desktop] › e2e/admin.spec.ts:383:7 › admin flows › SEB pinned to a class H run: F opens as coming soon; with class H selected every performance label says Series H / Série H (8.2s)
  ✓  283 [admin-desktop] › e2e/admin.spec.ts:448:7 › admin flows › rankings: seeded RBC entry shown; new entry draft → stale hidden → fresh shown with source and date; brand image slots (4.0s)
  ✓  284 [admin-desktop] › e2e/admin.spec.ts:539:7 › admin flows › logout clears and revokes the session (31ms)

  10 skipped
  274 passed (9.1m)
