
> nymbus-web@0.1.0 test
> node --experimental-strip-types --test "tests/unit/**/*.test.ts"

TAP version 13
# (node:2380) [MODULE_TYPELESS_PACKAGE_JSON] Warning: Module type of file:///home/runner/work/website/website/tests/unit/admin/content.test.ts is not specified and it doesn't parse as CommonJS.
# Reparsing as ES module because module syntax was detected. This incurs a performance overhead.
# To eliminate this warning, add "type": "module" to /home/runner/work/website/website/package.json.
# (Use `node --trace-warnings ...` to show where the warning was created)
# Subtest: first save needs version 0 and produces version 1
ok 1 - first save needs version 0 and produces version 1
  ---
  duration_ms: 58.427526
  type: 'test'
  ...
# Subtest: a stale version is rejected with a 409 conflict and nothing is written
ok 2 - a stale version is rejected with a 409 conflict and nothing is written
  ---
  duration_ms: 7.225498
  type: 'test'
  ...
# Subtest: updates apply to the latest stored document and keep history
ok 3 - updates apply to the latest stored document and keep history
  ---
  duration_ms: 7.890679
  type: 'test'
  ...
# Subtest: two concurrent saves on the same version: exactly one wins
ok 4 - two concurrent saves on the same version: exactly one wins
  ---
  duration_ms: 64.143303
  type: 'test'
  ...
# Subtest: defaults are the single source: first fund save on an empty store keeps publish mode review
ok 5 - defaults are the single source: first fund save on an empty store keeps publish mode review
  ---
  duration_ms: 8.955209
  type: 'test'
  ...
# (node:2381) [MODULE_TYPELESS_PACKAGE_JSON] Warning: Module type of file:///home/runner/work/website/website/tests/unit/admin/disclaimers.test.ts is not specified and it doesn't parse as CommonJS.
# Reparsing as ES module because module syntax was detected. This incurs a performance overhead.
# To eliminate this warning, add "type": "module" to /home/runner/work/website/website/package.json.
# (Use `node --trace-warnings ...` to show where the warning was created)
# Subtest: every disclaimer is bilingual, located and has review points
ok 6 - every disclaimer is bilingual, located and has review points
  ---
  duration_ms: 1.973493
  type: 'test'
  ...
# Subtest: required boilerplate elements are present (EN and FR)
ok 7 - required boilerplate elements are present (EN and FR)
  ---
  duration_ms: 0.931269
  type: 'test'
  ...
# Subtest: fund page copy uses the single disclaimers module
ok 8 - fund page copy uses the single disclaimers module
  ---
  duration_ms: 0.272759
  type: 'test'
  ...
# Subtest: pre-launch note only where configured
ok 9 - pre-launch note only where configured
  ---
  duration_ms: 0.264684
  type: 'test'
  ...
# Subtest: admin firm override replaces the boilerplate firm text in the footer
ok 10 - admin firm override replaces the boilerplate firm text in the footer
  ---
  duration_ms: 0.259965
  type: 'test'
  ...
# Subtest: hash changes with overrides, ignores empty ones and key order
ok 11 - hash changes with overrides, ignores empty ones and key order
  ---
  duration_ms: 42.992703
  type: 'test'
  ...
# Subtest: compliance state: never → approved → changed when an override changes
ok 12 - compliance state: never → approved → changed when an override changes
  ---
  duration_ms: 14.384441
  type: 'test'
  ...
# Subtest: pre-launch footer paragraph is omitted when its fund is hidden
ok 13 - pre-launch footer paragraph is omitted when its fund is hidden
  ---
  duration_ms: 0.312033
  type: 'test'
  ...
# Subtest: other regulatory-sounding fund strings come from the module (covered by the compliance hash)
ok 14 - other regulatory-sounding fund strings come from the module (covered by the compliance hash)
  ---
  duration_ms: 3.502717
  type: 'test'
  ...
# (node:2387) [MODULE_TYPELESS_PACKAGE_JSON] Warning: Module type of file:///home/runner/work/website/website/tests/unit/admin/documents.test.ts is not specified and it doesn't parse as CommonJS.
# Reparsing as ES module because module syntax was detected. This incurs a performance overhead.
# To eliminate this warning, add "type": "module" to /home/runner/work/website/website/package.json.
# (Use `node --trace-warnings ...` to show where the warning was created)
# Subtest: magic bytes: only %PDF- at offset 0
ok 15 - magic bytes: only %PDF- at offset 0
  ---
  duration_ms: 1.463542
  type: 'test'
  ...
# Subtest: upload validation: empty, size, type, magic
ok 16 - upload validation: empty, size, type, magic
  ---
  duration_ms: 2.264557
  type: 'test'
  ...
# Subtest: file names are sanitised
ok 17 - file names are sanitised
  ---
  duration_ms: 1.620134
  type: 'test'
  ...
# Subtest: content disposition is inline with an RFC 5987 name
ok 18 - content disposition is inline with an RFC 5987 name
  ---
  duration_ms: 0.369801
  type: 'test'
  ...
# Subtest: document ids reject traversal and garbage
ok 19 - document ids reject traversal and garbage
  ---
  duration_ms: 0.287497
  type: 'test'
  ...
# Subtest: create, publish filter, update, replace, delete
ok 20 - create, publish filter, update, replace, delete
  ---
  duration_ms: 43.61779
  type: 'test'
  ...
# Subtest: concurrent creates do not lose index entries
ok 21 - concurrent creates do not lose index entries
  ---
  duration_ms: 965.311401
  type: 'test'
  ...
# Subtest: single byte-range parsing
ok 22 - single byte-range parsing
  ---
  duration_ms: 1.831259
  type: 'test'
  ...
# Subtest: public DTO drops internal fields
ok 23 - public DTO drops internal fields
  ---
  duration_ms: 0.737236
  type: 'test'
  ...
# Subtest: file stat for streaming
ok 24 - file stat for streaming
  ---
  duration_ms: 15.853253
  type: 'test'
  ...
# (node:2409) [MODULE_TYPELESS_PACKAGE_JSON] Warning: Module type of file:///home/runner/work/website/website/tests/unit/admin/fund-content.test.ts is not specified and it doesn't parse as CommonJS.
# Reparsing as ES module because module syntax was detected. This incurs a performance overhead.
# To eliminate this warning, add "type": "module" to /home/runner/work/website/website/package.json.
# (Use `node --trace-warnings ...` to show where the warning was created)
# Subtest: hide keeps true entries and an explicit aum:false (AUM published)
ok 25 - hide keeps true entries and an explicit aum:false (AUM published)
  ---
  duration_ms: 1.59073
  type: 'test'
  ...
# Subtest: empty strings / L10n / lists are dropped
ok 26 - empty strings / L10n / lists are dropped
  ---
  duration_ms: 0.247983
  type: 'test'
  ...
# Subtest: tr falls back to EN for an empty FR string
ok 27 - tr falls back to EN for an empty FR string
  ---
  duration_ms: 0.152855
  type: 'test'
  ...
# Subtest: benchmark label: localized registry name in FR, published index name in EN
ok 28 - benchmark label: localized registry name in FR, published index name in EN
  ---
  duration_ms: 0.178042
  type: 'test'
  ...
# Subtest: bilingual overrides need both languages (or neither)
ok 29 - bilingual overrides need both languages (or neither)
  ---
  duration_ms: 0.392412
  type: 'test'
  ...
# (node:2416) [MODULE_TYPELESS_PACKAGE_JSON] Warning: Module type of file:///home/runner/work/website/website/tests/unit/admin/pin.test.ts is not specified and it doesn't parse as CommonJS.
# Reparsing as ES module because module syntax was detected. This incurs a performance overhead.
# To eliminate this warning, add "type": "module" to /home/runner/work/website/website/package.json.
# (Use `node --trace-warnings ...` to show where the warning was created)
# Subtest: only published live runs can be pinned
ok 30 - only published live runs can be pinned
  ---
  duration_ms: 0.929486
  type: 'test'
  ...
# (node:2423) [MODULE_TYPELESS_PACKAGE_JSON] Warning: Module type of file:///home/runner/work/website/website/tests/unit/admin/public-dto.test.ts is not specified and it doesn't parse as CommonJS.
# Reparsing as ES module because module syntax was detected. This incurs a performance overhead.
# To eliminate this warning, add "type": "module" to /home/runner/work/website/website/package.json.
# (Use `node --trace-warnings ...` to show where the warning was created)
# Subtest: public fund spec keeps only the basis of the internal sources
ok 31 - public fund spec keeps only the basis of the internal sources
  ---
  duration_ms: 1.570251
  type: 'test'
  ...
# Subtest: public fund data drops sourceName
ok 32 - public fund data drops sourceName
  ---
  duration_ms: 0.196136
  type: 'test'
  ...
# (node:2430) [MODULE_TYPELESS_PACKAGE_JSON] Warning: Module type of file:///home/runner/work/website/website/tests/unit/auth/csp.test.ts is not specified and it doesn't parse as CommonJS.
# Reparsing as ES module because module syntax was detected. This incurs a performance overhead.
# To eliminate this warning, add "type": "module" to /home/runner/work/website/website/package.json.
# (Use `node --trace-warnings ...` to show where the warning was created)
# Subtest: nonces are random base64 of 128 bits
ok 33 - nonces are random base64 of 128 bits
  ---
  duration_ms: 3.114634
  type: 'test'
  ...
# Subtest: CSP: nonce + strict-dynamic, no script unsafe-inline, framing denied
ok 34 - CSP: nonce + strict-dynamic, no script unsafe-inline, framing denied
  ---
  duration_ms: 0.435553
  type: 'test'
  ...
# Subtest: CSP refuses a malformed nonce (header injection)
ok 35 - CSP refuses a malformed nonce (header injection)
  ---
  duration_ms: 0.290883
  type: 'test'
  ...
# (node:2437) [MODULE_TYPELESS_PACKAGE_JSON] Warning: Module type of file:///home/runner/work/website/website/tests/unit/auth/guards.test.ts is not specified and it doesn't parse as CommonJS.
# Reparsing as ES module because module syntax was detected. This incurs a performance overhead.
# To eliminate this warning, add "type": "module" to /home/runner/work/website/website/package.json.
# (Use `node --trace-warnings ...` to show where the warning was created)
# Subtest: returnTo: same-site admin paths are kept
ok 36 - returnTo: same-site admin paths are kept
  ---
  duration_ms: 2.172465
  type: 'test'
  ...
# Subtest: returnTo: open redirect attempts fall back to /admin
ok 37 - returnTo: open redirect attempts fall back to /admin
  ---
  duration_ms: 0.589951
  type: 'test'
  ...
# Subtest: cookie options: secure __Host- by default
ok 38 - cookie options: secure __Host- by default
  ---
  duration_ms: 0.509361
  type: 'test'
  ...
# Subtest: cookie options: insecure only with the opt-in AND a localhost PUBLIC_URL
ok 39 - cookie options: insecure only with the opt-in AND a localhost PUBLIC_URL
  ---
  duration_ms: 0.32133
  type: 'test'
  ...
# Subtest: serializeCookie includes the security attributes
ok 40 - serializeCookie includes the security attributes
  ---
  duration_ms: 0.524429
  type: 'test'
  ...
# Subtest: CSRF: safe methods pass
ok 41 - CSRF: safe methods pass
  ---
  duration_ms: 1.25368
  type: 'test'
  ...
# Subtest: CSRF: mutations need a matching Origin and the custom header or JSON
ok 42 - CSRF: mutations need a matching Origin and the custom header or JSON
  ---
  duration_ms: 0.903818
  type: 'test'
  ...
# Subtest: timingSafeEqualStr
ok 43 - timingSafeEqualStr
  ---
  duration_ms: 0.239958
  type: 'test'
  ...
# Subtest: PKCE S256 challenge = base64url(sha256(verifier))
ok 44 - PKCE S256 challenge = base64url(sha256(verifier))
  ---
  duration_ms: 15.527195
  type: 'test'
  ...
# Subtest: auth config: endpoints derived from the tenant, fails closed on weak / missing settings
ok 45 - auth config: endpoints derived from the tenant, fails closed on weak / missing settings
  ---
  duration_ms: 2.230313
  type: 'test'
  ...
# Subtest: auth config: the committed e2e secret and a localhost PUBLIC_URL are refused outside the e2e setup
ok 46 - auth config: the committed e2e secret and a localhost PUBLIC_URL are refused outside the e2e setup
  ---
  duration_ms: 0.704996
  type: 'test'
  ...
# Subtest: auth config carries the role and a policy version
ok 47 - auth config carries the role and a policy version
  ---
  duration_ms: 0.365151
  type: 'test'
  ...
# (node:2444) [MODULE_TYPELESS_PACKAGE_JSON] Warning: Module type of file:///home/runner/work/website/website/tests/unit/auth/matcher.test.ts is not specified and it doesn't parse as CommonJS.
# Reparsing as ES module because module syntax was detected. This incurs a performance overhead.
# To eliminate this warning, add "type": "module" to /home/runner/work/website/website/package.json.
# (Use `node --trace-warnings ...` to show where the warning was created)
# Subtest: proxy matcher covers pages and admin API, skips assets, downloads and uploads
ok 48 - proxy matcher covers pages and admin API, skips assets, downloads and uploads
  ---
  duration_ms: 0.907915
  type: 'test'
  ...
# (node:2456) [MODULE_TYPELESS_PACKAGE_JSON] Warning: Module type of file:///home/runner/work/website/website/tests/unit/auth/policy.test.ts is not specified and it doesn't parse as CommonJS.
# Reparsing as ES module because module syntax was detected. This incurs a performance overhead.
# To eliminate this warning, add "type": "module" to /home/runner/work/website/website/package.json.
# (Use `node --trace-warnings ...` to show where the warning was created)
# Subtest: member of the tenant in the allowed domain is allowed
ok 49 - member of the tenant in the allowed domain is allowed
  ---
  duration_ms: 7.019162
  type: 'test'
  ...
# Subtest: tenant mismatch / missing / malformed tid is denied
ok 50 - tenant mismatch / missing / malformed tid is denied
  ---
  duration_ms: 0.319827
  type: 'test'
  ...
# Subtest: tid comparison is case-insensitive for GUIDs
ok 51 - tid comparison is case-insensitive for GUIDs
  ---
  duration_ms: 2.294853
  type: 'test'
  ...
# Subtest: missing oid is denied
ok 52 - missing oid is denied
  ---
  duration_ms: 0.275885
  type: 'test'
  ...
# Subtest: guest accounts (\#EXT\#) are denied whatever the claim
ok 53 - guest accounts (\#EXT\#) are denied whatever the claim
  ---
  duration_ms: 0.399807
  type: 'test'
  ...
# Subtest: foreign idp is denied, own-tenant idp is accepted
ok 54 - foreign idp is denied, own-tenant idp is accepted
  ---
  duration_ms: 0.528437
  type: 'test'
  ...
# Subtest: acct = 1 (guest) is denied, acct = 0 allowed, unexpected values denied
ok 55 - acct = 1 (guest) is denied, acct = 0 allowed, unexpected values denied
  ---
  duration_ms: 0.28383
  type: 'test'
  ...
# Subtest: missing acct claim fails closed with a configuration hint
ok 56 - missing acct claim fails closed with a configuration hint
  ---
  duration_ms: 0.370351
  type: 'test'
  ...
# Subtest: domain must match exactly: look-alikes, suffixes, subdomains are denied
ok 57 - domain must match exactly: look-alikes, suffixes, subdomains are denied
  ---
  duration_ms: 0.740371
  type: 'test'
  ...
# Subtest: domain match is case-insensitive
ok 58 - domain match is case-insensitive
  ---
  duration_ms: 0.609808
  type: 'test'
  ...
# Subtest: the domain is checked on preferred_username, else upn; the email claim is never trusted
ok 59 - the domain is checked on preferred_username, else upn; the email claim is never trusted
  ---
  duration_ms: 0.400067
  type: 'test'
  ...
# Subtest: required app role
ok 60 - required app role
  ---
  duration_ms: 0.649823
  type: 'test'
  ...
# Subtest: policy version changes when the policy changes, not with ordering / case
ok 61 - policy version changes when the policy changes, not with ordering / case
  ---
  duration_ms: 0.727127
  type: 'test'
  ...
# Subtest: listed subdomains are allowed only when explicitly configured
ok 62 - listed subdomains are allowed only when explicitly configured
  ---
  duration_ms: 0.45525
  type: 'test'
  ...
# Subtest: group allow-list requires an intersection with the groups claim
ok 63 - group allow-list requires an intersection with the groups claim
  ---
  duration_ms: 0.349622
  type: 'test'
  ...
# Subtest: group overage is denied with an explicit message (not guessed)
ok 64 - group overage is denied with an explicit message (not guessed)
  ---
  duration_ms: 0.213178
  type: 'test'
  ...
# Subtest: session re-check applies tenant and domain policy
ok 65 - session re-check applies tenant and domain policy
  ---
  duration_ms: 0.353971
  type: 'test'
  ...
# Subtest: config parsing: defaults, normalisation, invalid entries fail closed
ok 66 - config parsing: defaults, normalisation, invalid entries fail closed
  ---
  duration_ms: 1.291981
  type: 'test'
  ...
# Subtest: isAllowedEmail direct checks
ok 67 - isAllowedEmail direct checks
  ---
  duration_ms: 0.141203
  type: 'test'
  ...
# (node:2457) [MODULE_TYPELESS_PACKAGE_JSON] Warning: Module type of file:///home/runner/work/website/website/tests/unit/auth/session.test.ts is not specified and it doesn't parse as CommonJS.
# Reparsing as ES module because module syntax was detected. This incurs a performance overhead.
# To eliminate this warning, add "type": "module" to /home/runner/work/website/website/package.json.
# (Use `node --trace-warnings ...` to show where the warning was created)
# Subtest: jti format
ok 68 - jti format
  ---
  duration_ms: 1.011258
  type: 'test'
  ...
# Subtest: revoke → isRevoked; invalid ids count as revoked (fail closed)
ok 69 - revoke → isRevoked; invalid ids count as revoked (fail closed)
  ---
  duration_ms: 10.44618
  type: 'test'
  ...
# Subtest: expired entries are pruned, live ones kept
ok 70 - expired entries are pruned, live ones kept
  ---
  duration_ms: 5.963936
  type: 'test'
  ...
# Subtest: revocation write failures propagate (logout must not report success)
ok 71 - revocation write failures propagate (logout must not report success)
  ---
  duration_ms: 1.509418
  type: 'test'
  ...
# (node:2474) [MODULE_TYPELESS_PACKAGE_JSON] Warning: Module type of file:///home/runner/work/website/website/tests/unit/deploy/provision.test.ts is not specified and it doesn't parse as CommonJS.
# Reparsing as ES module because module syntax was detected. This incurs a performance overhead.
# To eliminate this warning, add "type": "module" to /home/runner/work/website/website/package.json.
# (Use `node --trace-warnings ...` to show where the warning was created)
# Subtest: dry run changes nothing and never prints the generated secret
ok 72 - dry run changes nothing and never prints the generated secret
  ---
  duration_ms: 181.486156
  type: 'test'
  ...
# Subtest: apply creates service, health checks, volume, restricted secret group and starts a build
ok 73 - apply creates service, health checks, volume, restricted secret group and starts a build
  ---
  duration_ms: 251.07727
  type: 'test'
  ...
# Subtest: re-running is idempotent: existing resources are left unchanged
ok 74 - re-running is idempotent: existing resources are left unchanged
  ---
  duration_ms: 245.912111
  type: 'test'
  ...
# Subtest: secret group falls back to filled values when the API refuses empty ones
ok 75 - secret group falls back to filled values when the API refuses empty ones
  ---
  duration_ms: 182.673553
  type: 'test'
  ...
# Subtest: refuses to run without a token or against a missing project
ok 76 - refuses to run without a token or against a missing project
  ---
  duration_ms: 162.982156
  type: 'test'
  ...
# Subtest: refuses when an unrestricted secret group would leak into the public site
ok 77 - refuses when an unrestricted secret group would leak into the public site
  ---
  duration_ms: 307.339709
  type: 'test'
  ...
# Subtest: existing resources that are wired wrongly fail loudly
ok 78 - existing resources that are wired wrongly fail loudly
  ---
  duration_ms: 165.970827
  type: 'test'
  ...
# Subtest: options are strict: a value cannot smuggle --apply, bad branch or plan are refused
ok 79 - options are strict: a value cannot smuggle --apply, bad branch or plan are refused
  ---
  duration_ms: 138.540377
  type: 'test'
  ...
# Subtest: API error bodies never surface the generated secret
ok 80 - API error bodies never surface the generated secret
  ---
  duration_ms: 203.777757
  type: 'test'
  ...
# (node:2480) [MODULE_TYPELESS_PACKAGE_JSON] Warning: Module type of file:///home/runner/work/website/website/tests/unit/fund/helpers.test.ts is not specified and it doesn't parse as CommonJS.
# Reparsing as ES module because module syntax was detected. This incurs a performance overhead.
# To eliminate this warning, add "type": "module" to /home/runner/work/website/website/package.json.
# (Use `node --trace-warnings ...` to show where the warning was created)
# Subtest: fmt: unicode minus, FR spacing and decimal comma
ok 81 - fmt: unicode minus, FR spacing and decimal comma
  ---
  duration_ms: 15.244587
  type: 'test'
  ...
# Subtest: money and compact money
ok 82 - money and compact money
  ---
  duration_ms: 0.778964
  type: 'test'
  ...
# Subtest: dates and months
ok 83 - dates and months
  ---
  duration_ms: 0.344884
  type: 'test'
  ...
# Subtest: characteristics
ok 84 - characteristics
  ---
  duration_ms: 0.981742
  type: 'test'
  ...
# Subtest: ticks and file size
ok 85 - ticks and file size
  ---
  duration_ms: 0.494122
  type: 'test'
  ...
# Subtest: nice scale covers the data with round steps
ok 86 - nice scale covers the data with round steps
  ---
  duration_ms: 0.361495
  type: 'test'
  ...
# Subtest: bar path: rounded far end, empty for zero height
ok 87 - bar path: rounded far end, empty for zero height
  ---
  duration_ms: 0.428289
  type: 'test'
  ...
# Subtest: monotone path passes through every point
ok 88 - monotone path passes through every point
  ---
  duration_ms: 0.333562
  type: 'test'
  ...
# Subtest: bands, nearest index, ticks
ok 89 - bands, nearest index, ticks
  ---
  duration_ms: 0.822806
  type: 'test'
  ...
# Subtest: trailing periods and annualisation
ok 90 - trailing periods and annualisation
  ---
  duration_ms: 0.500094
  type: 'test'
  ...
# Subtest: headline class: admin choice, then default, then first with a NAV
ok 91 - headline class: admin choice, then default, then first with a NAV
  ---
  duration_ms: 0.333683
  type: 'test'
  ...
# Subtest: growth ranges rebase to 10 000 and never invent points
ok 92 - growth ranges rebase to 10 000 and never invent points
  ---
  duration_ms: 0.438519
  type: 'test'
  ...
# Subtest: heatmap grid and colours
ok 93 - heatmap grid and colours
  ---
  duration_ms: 0.470378
  type: 'test'
  ...
# Subtest: calendar rows and buckets drop empty values
ok 94 - calendar rows and buckets drop empty values
  ---
  duration_ms: 0.234798
  type: 'test'
  ...
# Subtest: risk windows accept one object or several
ok 95 - risk windows accept one object or several
  ---
  duration_ms: 0.404785
  type: 'test'
  ...
# Subtest: documents grouped by type, newest first, unpublished dropped
ok 96 - documents grouped by type, newest first, unpublished dropped
  ---
  duration_ms: 1.018912
  type: 'test'
  ...
# Subtest: visible blocks follow data and admin switches
ok 97 - visible blocks follow data and admin switches
  ---
  duration_ms: 0.293708
  type: 'test'
  ...
# Subtest: value added rounds to the displayed precision
ok 98 - value added rounds to the displayed precision
  ---
  duration_ms: 0.148297
  type: 'test'
  ...
# Subtest: performance class label
ok 99 - performance class label
  ---
  duration_ms: 0.275134
  type: 'test'
  ...
# (node:2497) [MODULE_TYPELESS_PACKAGE_JSON] Warning: Module type of file:///home/runner/work/website/website/tests/unit/pipeline/build.test.ts is not specified and it doesn't parse as CommonJS.
# Reparsing as ES module because module syntax was detected. This incurs a performance overhead.
# To eliminate this warning, add "type": "module" to /home/runner/work/website/website/package.json.
# (Use `node --trace-warnings ...` to show where the warning was created)
# Subtest: end to end: history from analytics + dataplatform ready months, published index, every block
ok 100 - end to end: history from analytics + dataplatform ready months, published index, every block
  ---
  duration_ms: 155.017114
  type: 'test'
  ...
# Subtest: SEST benchmark default is short_corp; FTSE_INDEX_SEST overrides it
ok 101 - SEST benchmark default is short_corp; FTSE_INDEX_SEST overrides it
  ---
  duration_ms: 45.1215
  type: 'test'
  ...
# Subtest: FTSE history joined across a rename (same index_id), siblings ignored
ok 102 - FTSE history joined across a rename (same index_id), siblings ignored
  ---
  duration_ms: 56.267814
  type: 'test'
  ...
# Subtest: H1: a month missing from every source interrupts the track record (error); analytics vs dataplatform difference warns
ok 103 - H1: a month missing from every source interrupts the track record (error); analytics vs dataplatform difference warns
  ---
  duration_ms: 108.362698
  type: 'test'
  ...
# Subtest: H1: analytics unavailable -> track record cannot start in 2019: performance not built (error)
ok 104 - H1: analytics unavailable -> track record cannot start in 2019: performance not built (error)
  ---
  duration_ms: 50.240172
  type: 'test'
  ...
# Subtest: H3: a new month waits for its factsheet (held, info); an inconsistent factsheet blocks the new month
ok 105 - H3: a new month waits for its factsheet (held, info); an inconsistent factsheet blocks the new month
  ---
  duration_ms: 205.558909
  type: 'test'
  ...
# Subtest: H3 tolerances: 1Y rounding (0.05 %) + 0.05 %; 5Y 0.05 % + 0.1 %
ok 106 - H3 tolerances: 1Y rounding (0.05 %) + 0.05 %; 5Y 0.05 % + 0.1 %
  ---
  duration_ms: 98.985487
  type: 'test'
  ...
# Subtest: track record < 12 months: performance and risk withheld (compliance), info only
ok 107 - track record < 12 months: performance and risk withheld (compliance), info only
  ---
  duration_ms: 39.889321
  type: 'test'
  ...
# Subtest: C3 navChange unit cases
ok 108 - C3 navChange unit cases
  ---
  duration_ms: 0.790967
  type: 'test'
  ...
# Subtest: M5 revisions: months up to the previous as-of changed by more than 1e-6
ok 109 - M5 revisions: months up to the previous as-of changed by more than 1e-6
  ---
  duration_ms: 0.698003
  type: 'test'
  ...
# Subtest: failed sources carry over previous values, with error issues and alerts
ok 110 - failed sources carry over previous values, with error issues and alerts
  ---
  duration_ms: 46.74565
  type: 'test'
  ...
# Subtest: N1: a same-month factsheet whose fund trailing row is all nan is not a cross-check (new month waits)
ok 111 - N1: a same-month factsheet whose fund trailing row is all nan is not a cross-check (new month waits)
  ---
  duration_ms: 53.844581
  type: 'test'
  ...
# Subtest: N1: a same-month factsheet whose fund trailing row is empty strings is not a cross-check (new month waits)
ok 112 - N1: a same-month factsheet whose fund trailing row is empty strings is not a cross-check (new month waits)
  ---
  duration_ms: 76.198268
  type: 'test'
  ...
# Subtest: N1: a same-month factsheet whose fund trailing row is 1Y missing is not a cross-check (new month waits)
ok 113 - N1: a same-month factsheet whose fund trailing row is 1Y missing is not a cross-check (new month waits)
  ---
  duration_ms: 76.737011
  type: 'test'
  ...
# Subtest: N1: renamed fund trailing row (fund name changed) -> not cross-checkable
ok 114 - N1: renamed fund trailing row (fund name changed) -> not cross-checkable
  ---
  duration_ms: 83.050501
  type: 'test'
  ...
# Subtest: N1: fund monthly-table mismatch beyond print precision: blocking after the previous as-of, alert for older months
ok 115 - N1: fund monthly-table mismatch beyond print precision: blocking after the previous as-of, alert for older months
  ---
  duration_ms: 142.698924
  type: 'test'
  ...
# Subtest: N4: analytics unavailable -> factsheet-rebuilt history alerts, risk statistics withheld
ok 116 - N4: analytics unavailable -> factsheet-rebuilt history alerts, risk statistics withheld
  ---
  duration_ms: 32.559378
  type: 'test'
  ...
# Subtest: FTSE for all benchmarks: a published index month after the cutover that differs -> warn; FTSE still shown
ok 117 - FTSE for all benchmarks: a published index month after the cutover that differs -> warn; FTSE still shown
  ---
  duration_ms: 40.742684
  type: 'test'
  ...
# Subtest: FTSE for all benchmarks: no factsheet index table / published VA changed -> index still from FTSE; VA = fund − FTSE
ok 118 - FTSE for all benchmarks: no factsheet index table / published VA changed -> index still from FTSE; VA = fund − FTSE
  ---
  duration_ms: 26.132861
  type: 'test'
  ...
# Subtest: FTSE for all benchmarks: a period FTSE does not cover is null with an issue (never filled from the factsheet)
ok 119 - FTSE for all benchmarks: a period FTSE does not cover is null with an issue (never filled from the factsheet)
  ---
  duration_ms: 34.749145
  type: 'test'
  ...
# (node:2517) [MODULE_TYPELESS_PACKAGE_JSON] Warning: Module type of file:///home/runner/work/website/website/tests/unit/pipeline/metrics.test.ts is not specified and it doesn't parse as CommonJS.
# Reparsing as ES module because module syntax was detected. This incurs a performance overhead.
# To eliminate this warning, add "type": "module" to /home/runner/work/website/website/package.json.
# (Use `node --trace-warnings ...` to show where the warning was created)
# Subtest: month helpers
ok 120 - month helpers
  ---
  duration_ms: 1.678944
  type: 'test'
  ...
# Subtest: compound and annualize (hand-checked)
ok 121 - compound and annualize (hand-checked)
  ---
  duration_ms: 0.442256
  type: 'test'
  ...
# Subtest: window requires contiguity and the end month
ok 122 - window requires contiguity and the end month
  ---
  duration_ms: 5.071016
  type: 'test'
  ...
# Subtest: trailing: 1M/3M/YTD/1Y compounded, 2Y+ annualized, longer than track record -> null
ok 123 - trailing: 1M/3M/YTD/1Y compounded, 2Y+ annualized, longer than track record -> null
  ---
  duration_ms: 0.849847
  type: 'test'
  ...
# Subtest: trailing: SI < 12 months is compounded, not annualized
ok 124 - trailing: SI < 12 months is compounded, not annualized
  ---
  duration_ms: 0.294761
  type: 'test'
  ...
# Subtest: trailing: YTD is null when January is missing for an older fund
ok 125 - trailing: YTD is null when January is missing for an older fund
  ---
  duration_ms: 0.441303
  type: 'test'
  ...
# Subtest: trailing: siStart aligns an index on the fund inception
ok 126 - trailing: siStart aligns an index on the fund inception
  ---
  duration_ms: 0.592005
  type: 'test'
  ...
# Subtest: calendar years: partial first and current years, gaps -> null
ok 127 - calendar years: partial first and current years, gaps -> null
  ---
  duration_ms: 0.746604
  type: 'test'
  ...
# Subtest: growth of 10 000 starts the month before the first return
ok 128 - growth of 10 000 starts the month before the first return
  ---
  duration_ms: 0.602605
  type: 'test'
  ...
# Subtest: max drawdown from the running peak, including a first-month loss
ok 129 - max drawdown from the running peak, including a first-month loss
  ---
  duration_ms: 0.649112
  type: 'test'
  ...
# Subtest: downside deviation: population st.dev. of negative months ×√12
ok 130 - downside deviation: population st.dev. of negative months ×√12
  ---
  duration_ms: 0.360173
  type: 'test'
  ...
# Subtest: risk statistics (SI and 3Y), Sharpe without risk-free rate
ok 131 - risk statistics (SI and 3Y), Sharpe without risk-free rate
  ---
  duration_ms: 0.558693
  type: 'test'
  ...
# Subtest: FTSE: only fully aggregate rows count (no sub-index fallback)
ok 132 - FTSE: only fully aggregate rows count (no sub-index fallback)
  ---
  duration_ms: 0.321531
  type: 'test'
  ...
# Subtest: FTSE month-end: closing level on the last weekday (or 2 weekdays before), month closed, no open-month return
ok 133 - FTSE month-end: closing level on the last weekday (or 2 weekdays before), month closed, no open-month return
  ---
  duration_ms: 1.051572
  type: 'test'
  ...
# (node:2531) [MODULE_TYPELESS_PACKAGE_JSON] Warning: Module type of file:///home/runner/work/website/website/tests/unit/pipeline/parse.test.ts is not specified and it doesn't parse as CommonJS.
# Reparsing as ES module because module syntax was detected. This incurs a performance overhead.
# To eliminate this warning, add "type": "module" to /home/runner/work/website/website/package.json.
# (Use `node --trace-warnings ...` to show where the warning was created)
# Subtest: monthly table keys: fund vs index
ok 134 - monthly table keys: fund vs index
  ---
  duration_ms: 1.261084
  type: 'test'
  ...
# Subtest: parseNumber / parsePct: every string format seen in the archives
ok 135 - parseNumber / parsePct: every string format seen in the archives
  ---
  duration_ms: 0.746874
  type: 'test'
  ...
# Subtest: parseText
ok 136 - parseText
  ---
  duration_ms: 0.218408
  type: 'test'
  ...
# Subtest: characteristics table (Fund / Index / +/-)
ok 137 - characteristics table (Fund / Index / +/-)
  ---
  duration_ms: 1.148424
  type: 'test'
  ...
# Subtest: buckets: Nymbus/Index columns, index-only rows, flat tables, nan
ok 138 - buckets: Nymbus/Index columns, index-only rows, flat tables, nan
  ---
  duration_ms: 0.408632
  type: 'test'
  ...
# Subtest: holdings: ranks sorted numerically, string or numeric weights, futures
ok 139 - holdings: ranks sorted numerically, string or numeric weights, futures
  ---
  duration_ms: 0.334415
  type: 'test'
  ...
# Subtest: systematic allocation averaged over the dates
ok 140 - systematic allocation averaged over the dates
  ---
  duration_ms: 0.407601
  type: 'test'
  ...
# Subtest: trailing tables: nested (bonds) and flat (strategies), YTD label = year
ok 141 - trailing tables: nested (bonds) and flat (strategies), YTD label = year
  ---
  duration_ms: 0.700818
  type: 'test'
  ...
# Subtest: monthly returns table -> sorted month-end points
ok 142 - monthly returns table -> sorted month-end points
  ---
  duration_ms: 0.690709
  type: 'test'
  ...
# Subtest: calendar tables (nested / flat) and statistics
ok 143 - calendar tables (nested / flat) and statistics
  ---
  duration_ms: 0.866067
  type: 'test'
  ...
# Subtest: Python json.dump NaN / Infinity tokens are read as null (not inside strings)
ok 144 - Python json.dump NaN / Infinity tokens are read as null (not inside strings)
  ---
  duration_ms: 0.348861
  type: 'test'
  ...
# (node:2540) [MODULE_TYPELESS_PACKAGE_JSON] Warning: Module type of file:///home/runner/work/website/website/tests/unit/pipeline/run.test.ts is not specified and it doesn't parse as CommonJS.
# Reparsing as ES module because module syntax was detected. This incurs a performance overhead.
# To eliminate this warning, add "type": "module" to /home/runner/work/website/website/package.json.
# (Use `node --trace-warnings ...` to show where the warning was created)
# Subtest: auto mode: run is snapshotted and published; audit and meta written
ok 145 - auto mode: run is snapshotted and published; audit and meta written
  ---
  duration_ms: 177.210753
  type: 'test'
  ...
# Subtest: raw folder: AUM contains fund totals only (no investor-level fields)
ok 146 - raw folder: AUM contains fund totals only (no investor-level fields)
  ---
  duration_ms: 88.361762
  type: 'test'
  ...
# Subtest: review mode: run waits, publishRun approves it; rollback to an older run
ok 147 - review mode: run waits, publishRun approves it; rollback to an older run
  ---
  duration_ms: 176.857216
  type: 'test'
  ...
# Subtest: dry run: stored, never published, cannot be published
ok 148 - dry run: stored, never published, cannot be published
  ---
  duration_ms: 69.195466
  type: 'test'
  ...
# Subtest: lock: a concurrent run is refused; a stale lock is taken over
ok 149 - lock: a concurrent run is refused; a stale lock is taken over
  ---
  duration_ms: 96.076554
  type: 'test'
  ...
# Subtest: a failed source produces issues and a BLOCKED (not silently published) run; everything down -> failed
ok 150 - a failed source produces issues and a BLOCKED (not silently published) run; everything down -> failed
  ---
  duration_ms: 194.39528
  type: 'test'
  ...
# Subtest: H1/H3: a held month (waiting for its factsheet) is published without alert; stale performance alerts
ok 151 - H1/H3: a held month (waiting for its factsheet) is published without alert; stale performance alerts
  ---
  duration_ms: 102.995913
  type: 'test'
  ...
# Subtest: M5: revision of an already published month -> blocked (auto: published + alert; review: waits)
ok 152 - M5: revision of an already published month -> blocked (auto: published + alert; review: waits)
  ---
  duration_ms: 247.572006
  type: 'test'
  ...
# Subtest: H2: retention never deletes a pinned snapshot
ok 153 - H2: retention never deletes a pinned snapshot
  ---
  duration_ms: 37.011608
  type: 'test'
  ...
# Subtest: LOW: lock owner token; a taken-over holder does not delete its successor's lock; published meta tolerant
ok 154 - LOW: lock owner token; a taken-over holder does not delete its successor's lock; published meta tolerant
  ---
  duration_ms: 59.544341
  type: 'test'
  ...
# Subtest: blocked fund: others published (auto), blocked fund keeps previous, alert posted without secrets
ok 155 - blocked fund: others published (auto), blocked fund keeps previous, alert posted without secrets
  ---
  duration_ms: 110.689521
  type: 'test'
  ...
# Subtest: listRuns newest first; retention keeps 120 and never the published run
ok 156 - listRuns newest first; retention keeps 120 and never the published run
  ---
  duration_ms: 95.779419
  type: 'test'
  ...
# Subtest: pipelineStatus: schedule, timezone, next run, last run, published run
ok 157 - pipelineStatus: schedule, timezone, next run, last run, published run
  ---
  duration_ms: 52.729148
  type: 'test'
  ...
# Subtest: N2/N4 end to end: bad NAV without a daily return, or analytics down -> run blocked and alerted
ok 158 - N2/N4 end to end: bad NAV without a daily return, or analytics down -> run blocked and alerted
  ---
  duration_ms: 94.96011
  type: 'test'
  ...
# Subtest: N6: stale-lock takeover renames the stale dir atomically; concurrent takeovers yield exactly one holder
ok 159 - N6: stale-lock takeover renames the stale dir atomically; concurrent takeovers yield exactly one holder
  ---
  duration_ms: 39.378113
  type: 'test'
  ...
# Subtest: without admin content, runs wait for approval (review is the default)
ok 160 - without admin content, runs wait for approval (review is the default)
  ---
  duration_ms: 48.219122
  type: 'test'
  ...
# (node:2619) [MODULE_TYPELESS_PACKAGE_JSON] Warning: Module type of file:///home/runner/work/website/website/tests/unit/pipeline/schedule.test.ts is not specified and it doesn't parse as CommonJS.
# Reparsing as ES module because module syntax was detected. This incurs a performance overhead.
# To eliminate this warning, add "type": "module" to /home/runner/work/website/website/package.json.
# (Use `node --trace-warnings ...` to show where the warning was created)
# Subtest: parseSchedule
ok 161 - parseSchedule
  ---
  duration_ms: 2.578043
  type: 'test'
  ...
# Subtest: next run in EDT (UTC-4) and EST (UTC-5)
ok 162 - next run in EDT (UTC-4) and EST (UTC-5)
  ---
  duration_ms: 18.36978
  type: 'test'
  ...
# Subtest: across DST: spring forward (2026-03-08) and fall back (2026-11-01)
ok 163 - across DST: spring forward (2026-03-08) and fall back (2026-11-01)
  ---
  duration_ms: 2.768678
  type: 'test'
  ...
# Subtest: scheduler starts once (hot-reload guard) and honours off
ok 164 - scheduler starts once (hot-reload guard) and honours off
  ---
  duration_ms: 1.099993
  type: 'test'
  ...
# (node:2634) [MODULE_TYPELESS_PACKAGE_JSON] Warning: Module type of file:///home/runner/work/website/website/tests/unit/pipeline/sources.test.ts is not specified and it doesn't parse as CommonJS.
# Reparsing as ES module because module syntax was detected. This incurs a performance overhead.
# To eliminate this warning, add "type": "module" to /home/runner/work/website/website/package.json.
# (Use `node --trace-warnings ...` to show where the warning was created)
# Subtest: fetchRetry: retries 5xx and network errors twice, then gives up; 4xx not retried
ok 165 - fetchRetry: retries 5xx and network errors twice, then gives up; 4xx not retried
  ---
  duration_ms: 66.705394
  type: 'test'
  ...
# Subtest: fetchRetry: timeout through AbortSignal
ok 166 - fetchRetry: timeout through AbortSignal
  ---
  duration_ms: 43.13014
  type: 'test'
  ...
# Subtest: dataplatform: no DATAPLATFORM_URL -> no client; 422 is a clean failure
ok 167 - dataplatform: no DATAPLATFORM_URL -> no client; 422 is a clean failure
  ---
  duration_ms: 11.081706
  type: 'test'
  ...
# Subtest: AUM is reduced to fund totals: no investor-level field survives
ok 168 - AUM is reduced to fund totals: no investor-level field survives
  ---
  duration_ms: 4.209278
  type: 'test'
  ...
# Subtest: factsheets: local folder, target month then up to 2 previous months
ok 169 - factsheets: local folder, target month then up to 2 previous months
  ---
  duration_ms: 20.563114
  type: 'test'
  ...
# Subtest: factsheets through Graph: client credentials, encoded path, 429 Retry-After, redirect without bearer, 404 = missing
ok 170 - factsheets through Graph: client credentials, encoded path, 429 Retry-After, redirect without bearer, 404 = missing
  ---
  duration_ms: 5.12558
  type: 'test'
  ...
# Subtest: analytics: GitHub contents API (raw media type, bearer token), only registry series kept; errors explained
ok 171 - analytics: GitHub contents API (raw media type, bearer token), only registry series kept; errors explained
  ---
  duration_ms: 9.182782
  type: 'test'
  ...
# (node:2641) [MODULE_TYPELESS_PACKAGE_JSON] Warning: Module type of file:///home/runner/work/website/website/tests/unit/pipeline/validate.test.ts is not specified and it doesn't parse as CommonJS.
# Reparsing as ES module because module syntax was detected. This incurs a performance overhead.
# To eliminate this warning, add "type": "module" to /home/runner/work/website/website/package.json.
# (Use `node --trace-warnings ...` to show where the warning was created)
# Subtest: clean fixtures pass every gate
ok 172 - clean fixtures pass every gate
  ---
  duration_ms: 117.023146
  type: 'test'
  ...
# Subtest: blocking: performance as-of going backwards
ok 173 - blocking: performance as-of going backwards
  ---
  duration_ms: 70.016939
  type: 'test'
  ...
# Subtest: blocking: monthly return beyond ±25 % (fund and index)
ok 174 - blocking: monthly return beyond ±25 % (fund and index)
  ---
  duration_ms: 122.591608
  type: 'test'
  ...
# Subtest: blocking: trailing in data differs from recomputation
ok 175 - blocking: trailing in data differs from recomputation
  ---
  duration_ms: 118.493727
  type: 'test'
  ...
# Subtest: blocking: computed trailing vs factsheet beyond the per-period tolerance (1Y: 0.1 %, 3Y: 0.15 %)
ok 176 - blocking: computed trailing vs factsheet beyond the per-period tolerance (1Y: 0.1 %, 3Y: 0.15 %)
  ---
  duration_ms: 203.899658
  type: 'test'
  ...
# Subtest: blocking: non-finite number anywhere
ok 177 - blocking: non-finite number anywhere
  ---
  duration_ms: 86.31905
  type: 'test'
  ...
# Subtest: blocking without a previous publication: fund withheld
ok 178 - blocking without a previous publication: fund withheld
  ---
  duration_ms: 24.858505
  type: 'test'
  ...
# Subtest: NAV day change > 10 %: class dropped, previous value kept, rest of the fund published
ok 179 - NAV day change > 10 %: class dropped, previous value kept, rest of the fund published
  ---
  duration_ms: 65.022575
  type: 'test'
  ...
# Subtest: NAV / AUM older than 7 days: alert-level issue (not blocking), per-class dates kept
ok 180 - NAV / AUM older than 7 days: alert-level issue (not blocking), per-class dates kept
  ---
  duration_ms: 22.830848
  type: 'test'
  ...
# Subtest: AUM negative or NaN: dropped (previous kept when available)
ok 181 - AUM negative or NaN: dropped (previous kept when available)
  ---
  duration_ms: 65.23391
  type: 'test'
  ...
# Subtest: input is not mutated
ok 182 - input is not mutated
  ---
  duration_ms: 24.279833
  type: 'test'
  ...
# Subtest: N2: NAV gate applies when changePct is null: price ratio vs previous valuation and vs published NAV
ok 183 - N2: NAV gate applies when changePct is null: price ratio vs previous valuation and vs published NAV
  ---
  duration_ms: 86.35157
  type: 'test'
  ...
1..183
# tests 183
# suites 0
# pass 183
# fail 0
# cancelled 0
# skipped 0
# todo 0
# duration_ms 4113.452596
